
> jobwahala@0.0.0 build
> tsc -b && vite build

src/context/AuthContext.tsx(1,47): error TS6133: 'useEffect' is declared but its value is never read.
src/pages/FreelancerProfile.tsx(2,24): error TS6133: 'MessageSquare' is declared but its value is never read.
src/pages/FreelancerProfile.tsx(2,91): error TS6133: 'Award' is declared but its value is never read.
src/pages/Messaging.tsx(1,31): error TS6133: 'Video' is declared but its value is never read.
src/pages/Messaging.tsx(1,64): error TS6133: 'Image' is declared but its value is never read.
src/pages/Messaging.tsx(1,126): error TS6133: 'User' is declared but its value is never read.
