src/components/ReportModal.tsx(12,10): error TS6133: 'reason' is declared but its value is never read.
src/context/AuthContext.tsx(1,47): error TS6133: 'useEffect' is declared but its value is never read.
src/pages/CVGenerator.tsx(2,47): error TS6133: 'CheckCircle2' is declared but its value is never read.
src/pages/CVGenerator.tsx(2,117): error TS6133: 'Trash2' is declared but its value is never read.
src/pages/CVGenerator.tsx(2,125): error TS6133: 'ChevronRight' is declared but its value is never read.
src/pages/EmployerDashboard.tsx(1,10): error TS6133: 'Rocket' is declared but its value is never read.
src/pages/EmployerDashboard.tsx(1,62): error TS6133: 'Zap' is declared but its value is never read.
src/pages/FreelancerDashboard.tsx(1,18): error TS6133: 'Target' is declared but its value is never read.
src/pages/FreelancerDashboard.tsx(1,32): error TS6133: 'PlusCircle' is declared but its value is never read.
src/pages/FreelancerDashboard.tsx(1,58): error TS6133: 'Zap' is declared but its value is never read.
src/pages/FreelancerProfile.tsx(2,64): error TS6133: 'Send' is declared but its value is never read.
src/pages/FreelancerProfile.tsx(2,83): error TS6133: 'ArrowRight' is declared but its value is never read.
src/pages/FreelancerProfile.tsx(2,95): error TS6133: 'ShieldCheck' is declared but its value is never read.
src/pages/FreelancerProfile.tsx(2,113): error TS6133: 'User' is declared but its value is never read.
src/pages/FreelancerProfile.tsx(8,10): error TS6133: 'copied' is declared but its value is never read.
src/pages/Messaging.tsx(1,31): error TS6133: 'Video' is declared but its value is never read.
src/pages/Messaging.tsx(1,64): error TS6133: 'Image' is declared but its value is never read.
src/pages/Messaging.tsx(1,126): error TS6133: 'User' is declared but its value is never read.
src/pages/Onboarding.tsx(3,49): error TS6133: 'CheckCircle2' is declared but its value is never read.
src/pages/Onboarding.tsx(3,63): error TS6133: 'Sparkles' is declared but its value is never read.
src/pages/SeekerDashboard.tsx(1,10): error TS6133: 'Rocket' is declared but its value is never read.
src/pages/SeekerDashboard.tsx(1,18): error TS6133: 'Briefcase' is declared but its value is never read.
src/pages/SeekerDashboard.tsx(1,44): error TS6133: 'Clock' is declared but its value is never read.
