
> backend@1.0.0 build
> tsc -p tsconfig.json

src/routes/adminRoutes.ts(20,35): error TS2724: '"../controllers/verificationController"' has no exported member named 'updateVerificationRequestStatus'. Did you mean 'getVerificationRequests'?
src/routes/userRoutes.ts(3,10): error TS2724: '"../controllers/verificationController"' has no exported member named 'createVerificationRequest'. Did you mean 'getVerificationRequests'?
